PS D:\Web Dev Cohort 2026\github> git status
fatal: not a git repository (or any of the parent directories): .git

PS D:\Web Dev Cohort 2026\github> git init
Initialized empty Git repository in D:/Web Dev Cohort 2026/github/.git/

PS D:\Web Dev Cohort 2026\github> git status
On branch master

No commits yet

Untracked files:
  (use "git add <file>..." to include in what will be committed)
        index.js

nothing added to commit but untracked files present (use "git add" to track)

PS D:\Web Dev Cohort 2026\github> git add index.js

git status
On branch master

No commits yet

Changes to be committed:
  (use "git rm --cached <file>..." to unstage)
        new file:   index.js

Untracked files:
  (use "git add <file>..." to include in what will be committed)
        gitfile.txt

PS D:\Web Dev Cohort 2026\github> git add .

PS D:\Web Dev Cohort 2026\github> git commit -m "add index file with 5 lines of code"
[master (root-commit) 9c8b2e1] add index file with 5 lines of code
 2 files changed, 37 insertions(+)
 create mode 100644 gitfile.txt
 create mode 100644 index.js

PS D:\Web Dev Cohort 2026\github> git log
commit 9c8b2e12732b9d9550f957c1452af9bab421849c (HEAD -> master)
Author: ratnakar61 <panigrahiratnakar61@gmail.com>
Date:   Fri Feb 27 20:15:18 2026 +0530

    add index file with 5 lines of code

